### BTest baseline data generated by btest-diff. Do not edit. Use "btest -U/-u" to update. Requires BTest >= 0.63.
### NOTE: This file has been sorted with diff-sort.

[global_=F, fid=XXXXXXXXXXXXXXXXX, filename=test/README.md, time_=XXXXXXXXXX.XXXXXX, comment=, compression=ZIP::CompressionMethod_Deflate, encrypted=F]
[global_=F, fid=XXXXXXXXXXXXXXXXX, filename=test/bro-web-eye-only.png, time_=XXXXXXXXXX.XXXXXX, comment=, compression=ZIP::CompressionMethod_Deflate, encrypted=F]
[global_=F, fid=XXXXXXXXXXXXXXXXX, filename=test/spicy-logo.png, time_=XXXXXXXXXX.XXXXXX, comment=, compression=ZIP::CompressionMethod_Deflate, encrypted=F]
[global_=T, fid=<uninitialized>, filename=test/README.md, time_=XXXXXXXXXX.XXXXXX, comment=, compression=ZIP::CompressionMethod_Deflate, encrypted=F]
[global_=T, fid=<uninitialized>, filename=test/bro-web-eye-only.png, time_=XXXXXXXXXX.XXXXXX, comment=, compression=ZIP::CompressionMethod_Deflate, encrypted=F]
[global_=T, fid=<uninitialized>, filename=test/spicy-logo.png, time_=XXXXXXXXXX.XXXXXX, comment=, compression=ZIP::CompressionMethod_Deflate, encrypted=F]
