### BTest baseline data generated by btest-diff. Do not edit. Use "btest -U/-u" to update. Requires BTest >= 0.63.
### NOTE: This file has been sorted with diff-sort.


[global_=F, fid=XXXXXXXXXXXXXXXXX, filename=bar/, time_=XXXXXXXXXX.XXXXXX, comment=, compression=ZIP::CompressionMethod_Uncompressed, encrypted=F]
[global_=F, fid=XXXXXXXXXXXXXXXXX, filename=bar/bar.txt, time_=XXXXXXXXXX.XXXXXX, comment=, compression=ZIP::CompressionMethod_Deflate, encrypted=F]
[global_=F, fid=XXXXXXXXXXXXXXXXX, filename=bar<...>/, time_=XXXXXXXXXX.XXXXXX, comment=, compression=ZIP::CompressionMethod_Uncompressed, encrypted=F]
[global_=F, fid=XXXXXXXXXXXXXXXXX, filename=bar<...>/foo.zip, time_=XXXXXXXXXX.XXXXXX, comment=, compression=ZIP::CompressionMethod_Uncompressed, encrypted=F]
[global_=F, fid=XXXXXXXXXXXXXXXXX, filename=foo/, time_=XXXXXXXXXX.XXXXXX, comment=, compression=ZIP::CompressionMethod_Uncompressed, encrypted=F]
[global_=F, fid=XXXXXXXXXXXXXXXXX, filename=foo/foo.txt, time_=XXXXXXXXXX.XXXXXX, comment=, compression=ZIP::CompressionMethod_Deflate, encrypted=F]
[global_=T, fid=<uninitialized>, filename=bar/, time_=XXXXXXXXXX.XXXXXX, comment=, compression=ZIP::CompressionMethod_Uncompressed, encrypted=F]
[global_=T, fid=<uninitialized>, filename=bar/bar.txt, time_=XXXXXXXXXX.XXXXXX, comment=, compression=ZIP::CompressionMethod_Deflate, encrypted=F]
[global_=T, fid=<uninitialized>, filename=bar<...>/, time_=XXXXXXXXXX.XXXXXX, comment=, compression=ZIP::CompressionMethod_Uncompressed, encrypted=F]
[global_=T, fid=<uninitialized>, filename=bar<...>/foo.zip, time_=XXXXXXXXXX.XXXXXX, comment=, compression=ZIP::CompressionMethod_Uncompressed, encrypted=F]
[global_=T, fid=<uninitialized>, filename=foo/, time_=XXXXXXXXXX.XXXXXX, comment=, compression=ZIP::CompressionMethod_Uncompressed, encrypted=F]
[global_=T, fid=<uninitialized>, filename=foo/foo.txt, time_=XXXXXXXXXX.XXXXXX, comment=, compression=ZIP::CompressionMethod_Deflate, encrypted=F]
