### BTest baseline data generated by btest-diff. Do not edit. Use "btest -U/-u" to update. Requires BTest >= 0.63.
### NOTE: This file has been sorted with diff-sort.
My archive comment\x0d\x0aline2
[global_=F, fid=XXXXXXXXXXXXXXXXX, filename=test/file.txt, time_=XXXXXXXXXX.XXXXXX, comment=, compression=ZIP::CompressionMethod_Uncompressed, encrypted=F]
[global_=T, fid=<uninitialized>, filename=test/file.txt, time_=XXXXXXXXXX.XXXXXX, comment=My file comment, compression=ZIP::CompressionMethod_Uncompressed, encrypted=F]
